[INFO] Scanning for projects...
[INFO] 
[INFO] -------------------------< com.sang:ecommerce >-------------------------
[INFO] Building  0.0.1-SNAPSHOT
[INFO]   from pom.xml
[INFO] --------------------------------[ jar ]---------------------------------
[INFO] 
[INFO] >>> spring-boot:4.1.0:run (default-cli) > test-compile @ ecommerce >>>
[INFO] 
[INFO] --- resources:3.5.0:resources (default-resources) @ ecommerce ---
[INFO] Copying 1 resource from src\main\resources to target\classes
[INFO] Copying 1 resource from src\main\resources to target\classes
[INFO] 
[INFO] --- compiler:3.15.0:compile (default-compile) @ ecommerce ---
[INFO] Recompiling the module because of added or removed source files.
[INFO] Compiling 12 source files with javac [debug parameters release 21] to target\classes
[WARNING] /C:/Users/Sangf/IdeaProjects/ecomerce/src/main/java/com/sang/ecommerce/dto/package-info.java: a package-info.java file has already been seen for package unnamed package
[WARNING] /C:/Users/Sangf/IdeaProjects/ecomerce/src/main/java/com/sang/ecommerce/exception/package-info.java: a package-info.java file has already been seen for package unnamed package
[WARNING] /C:/Users/Sangf/IdeaProjects/ecomerce/src/main/java/com/sang/ecommerce/dto/package-info.java: a package-info.java file has already been seen for package unnamed package
[WARNING] /C:/Users/Sangf/IdeaProjects/ecomerce/src/main/java/com/sang/ecommerce/exception/package-info.java: a package-info.java file has already been seen for package unnamed package
[WARNING] /C:/Users/Sangf/IdeaProjects/ecomerce/src/main/java/com/sang/ecommerce/dto/package-info.java: a package-info.java file has already been seen for package unnamed package
[WARNING] /C:/Users/Sangf/IdeaProjects/ecomerce/src/main/java/com/sang/ecommerce/exception/package-info.java: a package-info.java file has already been seen for package unnamed package
[WARNING] /C:/Users/Sangf/IdeaProjects/ecomerce/src/main/java/com/sang/ecommerce/dto/package-info.java: a package-info.java file has already been seen for package unnamed package
[WARNING] /C:/Users/Sangf/IdeaProjects/ecomerce/src/main/java/com/sang/ecommerce/exception/package-info.java: a package-info.java file has already been seen for package unnamed package
[WARNING] /C:/Users/Sangf/IdeaProjects/ecomerce/src/main/java/com/sang/ecommerce/dto/package-info.java: a package-info.java file has already been seen for package unnamed package
[WARNING] /C:/Users/Sangf/IdeaProjects/ecomerce/src/main/java/com/sang/ecommerce/exception/package-info.java: a package-info.java file has already been seen for package unnamed package
[WARNING] /C:/Users/Sangf/IdeaProjects/ecomerce/src/main/java/com/sang/ecommerce/dto/package-info.java: a package-info.java file has already been seen for package unnamed package
[WARNING] /C:/Users/Sangf/IdeaProjects/ecomerce/src/main/java/com/sang/ecommerce/exception/package-info.java: a package-info.java file has already been seen for package unnamed package
[WARNING] /C:/Users/Sangf/IdeaProjects/ecomerce/src/main/java/com/sang/ecommerce/dto/package-info.java: a package-info.java file has already been seen for package unnamed package
[WARNING] /C:/Users/Sangf/IdeaProjects/ecomerce/src/main/java/com/sang/ecommerce/exception/package-info.java: a package-info.java file has already been seen for package unnamed package
[INFO] 
[INFO] --- resources:3.5.0:testResources (default-testResources) @ ecommerce ---
[INFO] Copying 1 resource from src\test\resources to target\test-classes
[INFO] 
[INFO] --- compiler:3.15.0:testCompile (default-testCompile) @ ecommerce ---
[INFO] Recompiling the module because of changed dependency.
[INFO] Compiling 8 source files with javac [debug parameters release 21] to target\test-classes
[WARNING] /C:/Users/Sangf/IdeaProjects/ecomerce/src/test/java/com/sang/ecommerce/controller/package-info.java: a package-info.java file has already been seen for package unnamed package
[WARNING] /C:/Users/Sangf/IdeaProjects/ecomerce/src/test/java/com/sang/ecommerce/dto/package-info.java: a package-info.java file has already been seen for package unnamed package
[WARNING] /C:/Users/Sangf/IdeaProjects/ecomerce/src/test/java/com/sang/ecommerce/entity/package-info.java: a package-info.java file has already been seen for package unnamed package
[WARNING] /C:/Users/Sangf/IdeaProjects/ecomerce/src/test/java/com/sang/ecommerce/exception/package-info.java: a package-info.java file has already been seen for package unnamed package
[WARNING] /C:/Users/Sangf/IdeaProjects/ecomerce/src/test/java/com/sang/ecommerce/repository/package-info.java: a package-info.java file has already been seen for package unnamed package
[WARNING] /C:/Users/Sangf/IdeaProjects/ecomerce/src/test/java/com/sang/ecommerce/service/package-info.java: a package-info.java file has already been seen for package unnamed package
[WARNING] /C:/Users/Sangf/IdeaProjects/ecomerce/src/test/java/com/sang/ecommerce/controller/package-info.java: a package-info.java file has already been seen for package unnamed package
[WARNING] /C:/Users/Sangf/IdeaProjects/ecomerce/src/test/java/com/sang/ecommerce/dto/package-info.java: a package-info.java file has already been seen for package unnamed package
[WARNING] /C:/Users/Sangf/IdeaProjects/ecomerce/src/test/java/com/sang/ecommerce/entity/package-info.java: a package-info.java file has already been seen for package unnamed package
[WARNING] /C:/Users/Sangf/IdeaProjects/ecomerce/src/test/java/com/sang/ecommerce/exception/package-info.java: a package-info.java file has already been seen for package unnamed package
[WARNING] /C:/Users/Sangf/IdeaProjects/ecomerce/src/test/java/com/sang/ecommerce/repository/package-info.java: a package-info.java file has already been seen for package unnamed package
[WARNING] /C:/Users/Sangf/IdeaProjects/ecomerce/src/test/java/com/sang/ecommerce/service/package-info.java: a package-info.java file has already been seen for package unnamed package
[WARNING] /C:/Users/Sangf/IdeaProjects/ecomerce/src/test/java/com/sang/ecommerce/controller/package-info.java: a package-info.java file has already been seen for package unnamed package
[WARNING] /C:/Users/Sangf/IdeaProjects/ecomerce/src/test/java/com/sang/ecommerce/dto/package-info.java: a package-info.java file has already been seen for package unnamed package
[WARNING] /C:/Users/Sangf/IdeaProjects/ecomerce/src/test/java/com/sang/ecommerce/entity/package-info.java: a package-info.java file has already been seen for package unnamed package
[WARNING] /C:/Users/Sangf/IdeaProjects/ecomerce/src/test/java/com/sang/ecommerce/exception/package-info.java: a package-info.java file has already been seen for package unnamed package
[WARNING] /C:/Users/Sangf/IdeaProjects/ecomerce/src/test/java/com/sang/ecommerce/repository/package-info.java: a package-info.java file has already been seen for package unnamed package
[WARNING] /C:/Users/Sangf/IdeaProjects/ecomerce/src/test/java/com/sang/ecommerce/service/package-info.java: a package-info.java file has already been seen for package unnamed package
[WARNING] /C:/Users/Sangf/IdeaProjects/ecomerce/src/test/java/com/sang/ecommerce/controller/package-info.java: a package-info.java file has already been seen for package unnamed package
[WARNING] /C:/Users/Sangf/IdeaProjects/ecomerce/src/test/java/com/sang/ecommerce/dto/package-info.java: a package-info.java file has already been seen for package unnamed package
[WARNING] /C:/Users/Sangf/IdeaProjects/ecomerce/src/test/java/com/sang/ecommerce/entity/package-info.java: a package-info.java file has already been seen for package unnamed package
[WARNING] /C:/Users/Sangf/IdeaProjects/ecomerce/src/test/java/com/sang/ecommerce/exception/package-info.java: a package-info.java file has already been seen for package unnamed package
[WARNING] /C:/Users/Sangf/IdeaProjects/ecomerce/src/test/java/com/sang/ecommerce/repository/package-info.java: a package-info.java file has already been seen for package unnamed package
[WARNING] /C:/Users/Sangf/IdeaProjects/ecomerce/src/test/java/com/sang/ecommerce/service/package-info.java: a package-info.java file has already been seen for package unnamed package
[WARNING] /C:/Users/Sangf/IdeaProjects/ecomerce/src/test/java/com/sang/ecommerce/controller/package-info.java: a package-info.java file has already been seen for package unnamed package
[WARNING] /C:/Users/Sangf/IdeaProjects/ecomerce/src/test/java/com/sang/ecommerce/dto/package-info.java: a package-info.java file has already been seen for package unnamed package
[WARNING] /C:/Users/Sangf/IdeaProjects/ecomerce/src/test/java/com/sang/ecommerce/entity/package-info.java: a package-info.java file has already been seen for package unnamed package
[WARNING] /C:/Users/Sangf/IdeaProjects/ecomerce/src/test/java/com/sang/ecommerce/exception/package-info.java: a package-info.java file has already been seen for package unnamed package
[WARNING] /C:/Users/Sangf/IdeaProjects/ecomerce/src/test/java/com/sang/ecommerce/repository/package-info.java: a package-info.java file has already been seen for package unnamed package
[WARNING] /C:/Users/Sangf/IdeaProjects/ecomerce/src/test/java/com/sang/ecommerce/service/package-info.java: a package-info.java file has already been seen for package unnamed package
[INFO] 
[INFO] <<< spring-boot:4.1.0:run (default-cli) < test-compile @ ecommerce <<<
[INFO] 
[INFO] 
[INFO] --- spring-boot:4.1.0:run (default-cli) @ ecommerce ---
[INFO] Attaching agents: []

  .   ____          _            __ _ _
 /\\ / ___'_ __ _ _(_)_ __  __ _ \ \ \ \
( ( )\___ | '_ | '_| | '_ \/ _` | \ \ \ \
 \\/  ___)| |_)| | | | | || (_| |  ) ) ) )
  '  |____| .__|_| |_|_| |_\__, | / / / /
 =========|_|==============|___/=/_/_/_/

 :: Spring Boot ::                (v4.1.0)

2026-07-31T16:41:52.155+07:00  INFO 13228 --- [ecomerce] [           main] c.sang.ecommerce.EcommerceApplication    : Starting EcommerceApplication using Java 22.0.2 with PID 13228 (C:\Users\Sangf\IdeaProjects\ecomerce\target\classes started by Sangf in C:\Users\Sangf\IdeaProjects\ecomerce)
2026-07-31T16:41:52.159+07:00  INFO 13228 --- [ecomerce] [           main] c.sang.ecommerce.EcommerceApplication    : No active profile set, falling back to 1 default profile: "default"
2026-07-31T16:41:52.621+07:00  INFO 13228 --- [ecomerce] [           main] .s.d.r.c.RepositoryConfigurationDelegate : Bootstrapping Spring Data JPA repositories in DEFAULT mode.
2026-07-31T16:41:52.665+07:00  INFO 13228 --- [ecomerce] [           main] .s.d.r.c.RepositoryConfigurationDelegate : Finished Spring Data repository scanning in 38 ms. Found 1 JPA repository interface.
2026-07-31T16:41:53.002+07:00  INFO 13228 --- [ecomerce] [           main] o.s.boot.tomcat.TomcatWebServer          : Tomcat initialized with port 8080 (http)
2026-07-31T16:41:53.015+07:00  INFO 13228 --- [ecomerce] [           main] o.apache.catalina.core.StandardService   : Starting service [Tomcat]
2026-07-31T16:41:53.015+07:00  INFO 13228 --- [ecomerce] [           main] o.apache.catalina.core.StandardEngine    : Starting Servlet engine: [Apache Tomcat/11.0.22]
2026-07-31T16:41:53.060+07:00  INFO 13228 --- [ecomerce] [           main] b.w.c.s.WebApplicationContextInitializer : Root WebApplicationContext: initialization completed in 861 ms
2026-07-31T16:41:53.266+07:00  INFO 13228 --- [ecomerce] [           main] com.zaxxer.hikari.HikariDataSource       : EcommerceHikariPool - Starting...
2026-07-31T16:41:53.433+07:00  INFO 13228 --- [ecomerce] [           main] com.zaxxer.hikari.pool.HikariPool        : EcommerceHikariPool - Added connection com.mysql.cj.jdbc.ConnectionImpl@216c22ce
2026-07-31T16:41:53.434+07:00  INFO 13228 --- [ecomerce] [           main] com.zaxxer.hikari.HikariDataSource       : EcommerceHikariPool - Start completed.
2026-07-31T16:41:53.452+07:00  INFO 13228 --- [ecomerce] [           main] org.flywaydb.core.FlywayExecutor         : Database: jdbc:mysql://localhost:3306/ecomerce_db?useSSL=false&allowPublicKeyRetrieval=true&serverTimezone=UTC (MySQL 8.4)
2026-07-31T16:41:53.927+07:00  INFO 13228 --- [ecomerce] [           main] o.f.core.internal.command.DbValidate     : Successfully validated 1 migration (execution time 00:00.033s)
2026-07-31T16:41:53.945+07:00  INFO 13228 --- [ecomerce] [           main] o.f.core.internal.command.DbMigrate      : Current version of schema `ecomerce_db`: 1
2026-07-31T16:41:53.951+07:00  INFO 13228 --- [ecomerce] [           main] o.f.core.internal.command.DbMigrate      : Schema `ecomerce_db` is up to date. No migration necessary.
2026-07-31T16:41:54.025+07:00  INFO 13228 --- [ecomerce] [           main] org.hibernate.orm.jpa                    : HHH008540: Processing PersistenceUnitInfo [name: default]
2026-07-31T16:41:54.080+07:00  INFO 13228 --- [ecomerce] [           main] org.hibernate.orm.core                   : HHH000001: Hibernate ORM core version 7.4.1.Final
2026-07-31T16:41:54.424+07:00  INFO 13228 --- [ecomerce] [           main] o.s.o.j.p.SpringPersistenceUnitInfo      : No LoadTimeWeaver setup: ignoring JPA class transformer
2026-07-31T16:41:54.514+07:00  INFO 13228 --- [ecomerce] [           main] org.hibernate.orm.connections.pooling    : HHH10001005: Database info:
	Database JDBC URL [jdbc:mysql://localhost:3306/ecomerce_db?useSSL=false&allowPublicKeyRetrieval=true&serverTimezone=UTC]
	Database driver: MySQL Connector/J
	Database dialect: MySQLDialect
	Database version: 8.4.11
	Default catalog/schema: ecomerce_db/undefined
	Autocommit mode: undefined/unknown
	Isolation level: REPEATABLE_READ [default REPEATABLE_READ]
	JDBC fetch size: none
	Pool: DataSourceConnectionProvider
	Minimum pool size: undefined/unknown
	Maximum pool size: undefined/unknown
2026-07-31T16:41:55.206+07:00  INFO 13228 --- [ecomerce] [           main] org.hibernate.orm.core                   : HHH000489: No JTA platform available (set 'hibernate.transaction.jta.platform' to enable JTA platform integration)
2026-07-31T16:41:55.241+07:00  INFO 13228 --- [ecomerce] [           main] j.LocalContainerEntityManagerFactoryBean : Initialized JPA EntityManagerFactory for persistence unit 'default'
2026-07-31T16:41:55.289+07:00  INFO 13228 --- [ecomerce] [           main] o.s.d.j.r.query.QueryEnhancerFactories   : Hibernate is in classpath; If applicable, HQL parser will be used.
2026-07-31T16:41:55.648+07:00  INFO 13228 --- [ecomerce] [           main] o.s.boot.tomcat.TomcatWebServer          : Tomcat started on port 8080 (http) with context path '/ecommerce-api'
2026-07-31T16:41:55.652+07:00  INFO 13228 --- [ecomerce] [           main] c.sang.ecommerce.EcommerceApplication    : Started EcommerceApplication in 3.907 seconds (process running for 4.198)
